JWasm v2.12pre, Sep 22 2026
test2_32.asm
                                .386
                                option segment:use32
                                .model flat, c;
00000000                    *   _TEXT segment DWORD FLAT PUBLIC 'CODE'
                            *   _TEXT ends
00000000                    *   _DATA segment DWORD FLAT PUBLIC 'DATA'
                            *   _DATA ends
                            *   assume cs:flat,ds:flat,ss:flat,es:flat,fs:ERROR,gs:ERROR
                                option casemap : none

                                .data?
00000000                    *   _BSS segment DWORD FLAT PUBLIC 'BSS'
                            *   assume cs:ERROR
00000000  00000000              m SDWORD ? ;global var m type = int

00000000                        .data
00000004                    *   _BSS ends
00000000                    *   _DATA segment
                            *   assume cs:ERROR
00000000  03000000              x SDWORD 3 ;global var x type = int

00000000                        .code
00000004                    *   _DATA ends
00000000                    *   _TEXT segment
                            *   assume cs:FLAT
                                ;-----------------
                                ; params:
                                ;   a : int
                                ;   b : int
                                ; locals:
                                ;   c : int
                                ;-----------------
00000000                        _func1 PROC _a:SDWORD,_b:SDWORD
                                  LOCAL _c:SDWORD
                                ;----------- Local variable initialization ----------
00000000  55                *   push ebp
00000001  8BEC              *   mov ebp, esp
00000003  83EC04            *   sub esp, 4
00000006  8B4508                  mov eax, _a		;load parameter a
00000009  50                      push eax			;push register A on to stack

0000000A  8B450C                  mov eax, _b		;load parameter b
0000000D  50                      push eax			;push register A on to stack

0000000E  B805000000              mov eax, 5		;load immediate into register
00000013  50                      push eax			;push register A on to the stack

00000014  5B                      pop ebx			;pop top of stack into register B
00000015  58                      pop eax			;pop top of stack into register A
00000016  0FAFC3                  imul eax, ebx		;multiply registers A and B and store result in A
00000019  50                      push eax			;push register A on to the stack

0000001A  5B                      pop ebx			;pop top of stack into register B
0000001B  58                      pop eax			;pop top of stack into register A
0000001C  03C3                    add eax, ebx		;add registers A and B and store result in A
0000001E  50                      push eax			;push register A on to the stack

0000001F  8945FC                  mov _c, eax		;move result of binary expression from register A to variable 'c'
                                ;----------Handle Function Body Statements-----------
00000022  50                      push eax			;push register A on to stack

00000023                          ret 					;return from function
00000023  C9                *   leave
00000024  C3                *   retn 
                                ;----------------------------------------------------
00000025                        _func1 ENDP

                                ;-----------------
                                ; params:
                                ;   a : int
                                ;   b : int
                                ; locals:
                                ;   c : int
                                ;-----------------
00000025                        _func2 PROC _a:SDWORD,_b:SDWORD
                                  LOCAL _c:SDWORD
                                ;----------- Local variable initialization ----------
00000025  55                *   push ebp
00000026  8BEC              *   mov ebp, esp
00000028  83EC04            *   sub esp, 4
0000002B  8B4508                  mov eax, _a		;load parameter a
0000002E  50                      push eax			;push register A on to stack

0000002F  8B450C                  mov eax, _b		;load parameter b
00000032  50                      push eax			;push register A on to stack

00000033  B803000000              mov eax, 3		;load immediate into register
00000038  50                      push eax			;push register A on to the stack

00000039  5B                      pop ebx			;pop top of stack into register B
0000003A  58                      pop eax			;pop top of stack into register A
0000003B  99                      cdq 				;signed 32-bit value in the EAX register and sign-extends it into the 64-bit pair EDX:EAX
0000003C  F7FB                    idiv ebx			;divides the 64-bit value in EDX:EAX by EBX - quotient is stored in EAX -remainder is stored in EDX
0000003E  50                      push eax			;push register A on to the stack

0000003F  5B                      pop ebx			;pop top of stack into register B
00000040  58                      pop eax			;pop top of stack into register A
00000041  03C3                    add eax, ebx		;add registers A and B and store result in A
00000043  50                      push eax			;push register A on to the stack

00000044  8945FC                  mov _c, eax		;move result of binary expression from register A to variable 'c'
                                ;----------Handle Function Body Statements-----------
00000047  50                      push eax			;push register A on to stack

00000048                          ret 					;return from function
00000048  C9                *   leave
00000049  C3                *   retn 
                                ;----------------------------------------------------
0000004A                        _func2 ENDP

                                ;-----------------
                                ; params:
                                ; locals:
                                ;   y : int
                                ;   x : int
                                ;-----------------
0000004A                        _func3 PROC 
                                  LOCAL _y:SDWORD,_x:SDWORD
                                ;----------- Local variable initialization ----------
0000004A  55                *   push ebp
0000004B  8BEC              *   mov ebp, esp
0000004D  83EC08            *   sub esp, 8
00000050                          invoke _func1, x, 4	;invoke function 'func1' with 2 arguments
00000050  6A04              *    push 4
00000052  FF3500000000      *    push x
00000058  E8A3FFFFFF        *    call _func1
0000005D  83C408            *    add esp, 8
00000060  8945FC                  mov _y, eax			;move result of invoke from register A to variable 'y'
00000063  50                      push eax			;push the result in register A onto stack
00000064                          invoke _func2, m, 6	;invoke function 'func2' with 2 arguments
00000064  6A06              *    push 6
00000066  FF3500000000      *    push m
0000006C  E8B4FFFFFF        *    call _func2
00000071  83C408            *    add esp, 8
00000074  8945F8                  mov _x, eax			;move result of invoke from register A to variable 'x'
00000077  50                      push eax			;push the result in register A onto stack
                                ;----------Handle Function Body Statements-----------
00000078  50                      push eax			;push register A on to stack

00000079  50                      push eax			;push register A on to stack

0000007A  5B                      pop ebx				;pop top of stack into register B
0000007B  58                      pop eax				;pop top of stack into register A
0000007C  03C3                    add eax, ebx			;add registers A and B and store result in A
0000007E                          ret 					;return from function
0000007E  C9                *   leave
0000007F  C3                *   retn
                                ;----------------------------------------------------
00000080                        _func3 ENDP

                                end
00000080                    *   _TEXT ends


Macros:

                N a m e                 Type

@CatStr  . . . . . . . . . . . .        Func     0
@Environ . . . . . . . . . . . .        Func     0
@InStr . . . . . . . . . . . . .        Func     0
@SizeStr . . . . . . . . . . . .        Func     0
@SubStr  . . . . . . . . . . . .        Func     0


Segments and Groups:

                N a m e                 Size     Length   Align   Combine Class

FLAT . . . . . . . . . . . . . .        GROUP
_BSS . . . . . . . . . . . . . .        32 Bit   00000004 DWord   Public  'BSS'
_DATA  . . . . . . . . . . . . .        32 Bit   00000004 DWord   Public  'DATA'
_TEXT  . . . . . . . . . . . . .        32 Bit   00000080 DWord   Public  'CODE'


Procedures, parameters and locals:

                N a m e                 Type     Value    Segment  Length

_func1 . . . . . . . . . . . . .        P Near   00000000 _TEXT    00000025 Public   C
  _a . . . . . . . . . . . . . .        DWord             ebp + 0008
  _b . . . . . . . . . . . . . .        DWord             ebp + 000C
  _c . . . . . . . . . . . . . .        DWord             ebp - 0004
_func2 . . . . . . . . . . . . .        P Near   00000025 _TEXT    00000025 Public   C
  _a . . . . . . . . . . . . . .        DWord             ebp + 0008
  _b . . . . . . . . . . . . . .        DWord             ebp + 000C
  _c . . . . . . . . . . . . . .        DWord             ebp - 0004
_func3 . . . . . . . . . . . . .        P Near   0000004A _TEXT    00000036 Public   C
  _y . . . . . . . . . . . . . .        DWord             ebp - 0004
  _x . . . . . . . . . . . . . .        DWord             ebp - 0008


Symbols:

                N a m e                 Type       Value     Attr

@CodeSize  . . . . . . . . . . .        Number             0h 
@Cpu . . . . . . . . . . . . . .        Number           D0Fh 
@CurSeg  . . . . . . . . . . . .        Text   
@DataSize  . . . . . . . . . . .        Number             0h 
@Date  . . . . . . . . . . . . .        Text   09/25/26
@FileCur . . . . . . . . . . . .        Text   test2_32.asm
@FileName  . . . . . . . . . . .        Text   TEST2_32
@Interface . . . . . . . . . . .        Number             1h 
@Model . . . . . . . . . . . . .        Number             7h 
@Time  . . . . . . . . . . . . .        Text   10:57:20
@Version . . . . . . . . . . . .        Text   800
@code  . . . . . . . . . . . . .        Text   _TEXT
@data  . . . . . . . . . . . . .        Text   FLAT
@stack . . . . . . . . . . . . .        Text   FLAT
__JWASM__  . . . . . . . . . . .        Number            D4h 
m  . . . . . . . . . . . . . . .        DWord              0h _BSS C
x  . . . . . . . . . . . . . . .        DWord              0h _DATA C

test2_32.asm: 115 lines, 2 passes, 1 ms, 0 warnings, 0 errors
