JWasm v2.12pre, Sep 22 2026
test2_64.asm
                            *   .model FLAT
00000000                    *   _TEXT segment PARA FLAT PUBLIC 'CODE'
                            *   _TEXT ends
00000000                    *   _DATA segment PARA FLAT PUBLIC 'DATA'
                            *   _DATA ends
                            *   assume cs:flat,ds:flat,ss:flat,es:flat,fs:ERROR,gs:NOTHING
                                .x64p
                                option casemap : none

                                .data?
00000000                    *   _BSS segment PARA FLAT PUBLIC 'BSS'
                            *   assume cs:ERROR
                                m SDWORD ? ;global var m type = int

00000000                        .data
                            *   _BSS ends
00000000                    *   _DATA segment
                            *   assume cs:ERROR
                                x SDWORD 3 ;global var x type = int value = 3

00000000                        .code
                            *   _DATA ends
00000000                    *   _TEXT segment
                            *   assume cs:FLAT
                                ;-----------------
                                ; params:
                                ;   a : int
                                ;   b : int
                                ; locals:
                                ;   c : int
                                ;-----------------
00000000                        _func1 PROC a:SDWORD,b:SDWORD
                                  LOCAL _c:SDWORD
                                ;----------- Local variable initialization ----------
00000000                    *   push rbp
00000001                    *   mov rbp, rsp
00000004                    *   sub rsp, 8
00000008                          movsxd rax, a		;load and sign extend 'a' in to register A
0000000C                          push rax			;push register A on to stack
0000000D                          movsxd rax, b		;load and sign extend 'b' in to register A
00000011                          push rax			;push register A on to stack
00000012                          mov rax, 5		;load immediate into register
00000019                          push rax			;push register A on to the stack
0000001A                          pop rbx			;pop top of stack into register B
0000001B                          pop rax			;pop top of stack into register A
0000001C                          imul rax, rbx		;multiply registers A and B and store result in A
00000020                          push rax			;push register A on to the stack
00000021                          pop rbx			;pop top of stack into register B
00000022                          pop rax			;pop top of stack into register A
00000023                          add rax, rbx		;add registers A and B and store result in A
00000026                          push rax			;push register A on to the stack
00000027                          mov _c, eax		;move result of binary expression from register A in to c
                                ;----------Handle Function Body Statements-----------
0000002A                          mov eax, _c			;load local 'c' in to register A
0000002D                          ret 					;return from function
0000002D                    *   leave
0000002E                    *   retn 
                                ;----------------------------------------------------
0000002F                        _func1 ENDP

                                ;-----------------
                                ; params:
                                ;   a : int
                                ;   b : int
                                ; locals:
                                ;   c : int
                                ;-----------------
0000002F                        _func2 PROC a:SDWORD,b:SDWORD
                                  LOCAL _c:SDWORD
                                ;----------- Local variable initialization ----------
0000002F                    *   push rbp
00000030                    *   mov rbp, rsp
00000033                    *   sub rsp, 8
00000037                          movsxd rax, a		;load and sign extend 'a' in to register A
0000003B                          push rax			;push register A on to stack
0000003C                          movsxd rax, b		;load and sign extend 'b' in to register A
00000040                          push rax			;push register A on to stack
00000041                          mov rax, 3		;load immediate into register
00000048                          push rax			;push register A on to the stack
00000049                          pop rbx			;pop top of stack into register B
0000004A                          pop rax			;pop top of stack into register A
0000004B                          cdq 				;extend eax to edx:eax for idiv
0000004C                          idiv rbx			;integer divide registers A and B and store result in A
0000004F                          push rax			;push register A on to the stack
00000050                          pop rbx			;pop top of stack into register B
00000051                          pop rax			;pop top of stack into register A
00000052                          add rax, rbx		;add registers A and B and store result in A
00000055                          push rax			;push register A on to the stack
00000056                          mov _c, eax		;move result of binary expression from register A in to c
                                ;----------Handle Function Body Statements-----------
00000059                          mov eax, _c			;load local 'c' in to register A
0000005C                          ret 					;return from function
0000005C                    *   leave
0000005D                    *   retn 
                                ;----------------------------------------------------
0000005E                        _func2 ENDP

                                ;-----------------
                                ; params:
                                ; locals:
                                ;   y : int
                                ;   x : int
                                ;-----------------
0000005E                        _func3 PROC 
                                  LOCAL _y:SDWORD,_x:SDWORD
                                ;----------- Local variable initialization ----------
0000005E                    *   push rbp
0000005F                    *   mov rbp, rsp
00000062                    *   sub rsp, 8
00000066                          invoke _func1, x, 4	;invoke function 'func1' with 2 arguments
00000066                    *    sub rsp, 32
0000006A                    *    mov ecx, x
00000070                    *    mov edx, 4
00000075                    *    call _func1
0000007A                    *    add rsp, 32
0000007E                          mov _y, eax			;move result of invoke from register A to variable 'y'
00000081                          push eax				;push the result in register A onto stack
                           Error A2049: Invalid instruction operands
00000081                          invoke _func2, m, 6	;invoke function 'func2' with 2 arguments
00000081                    *    sub rsp, 32
00000085                    *    mov ecx, m
0000008B                    *    mov edx, 6
00000090                    *    call _func2
00000095                    *    add rsp, 32
00000099                          mov _x, eax			;move result of invoke from register A to variable 'x'
0000009C                          push eax				;push the result in register A onto stack
                           Error A2049: Invalid instruction operands
                                ;----------Handle Function Body Statements-----------
0000009C                          pop rbx				;pop top of stack into register B
0000009D                          pop rax				;pop top of stack into register A
0000009E                          add rax, rbx			;add registers A and B and store result in A
000000A1                          ret 					;return from function
000000A1                    *   leave
000000A2                    *   retn
                                ;----------------------------------------------------
000000A3                        _func3 ENDP

                                end
                            *   _TEXT ends


Macros:

                N a m e                 Type

@CatStr  . . . . . . . . . . . .        Func     0
@Environ . . . . . . . . . . . .        Func     0
@InStr . . . . . . . . . . . . .        Func     0
@SizeStr . . . . . . . . . . . .        Func     0
@SubStr  . . . . . . . . . . . .        Func     0


Segments and Groups:

                N a m e                 Size     Length   Align   Combine Class

FLAT . . . . . . . . . . . . . .        GROUP
_BSS . . . . . . . . . . . . . .        64 Bit   00000004 Para    Public  'BSS'
_DATA  . . . . . . . . . . . . .        64 Bit   00000004 Para    Public  'DATA'
_TEXT  . . . . . . . . . . . . .        64 Bit   000000A3 Para    Public  'CODE'


Procedures, parameters and locals:

                N a m e                 Type     Value    Segment  Length

_func1 . . . . . . . . . . . . .        P Near   00000000 _TEXT    0000002F Public   FASTCALL
  b  . . . . . . . . . . . . . .        DWord             rbp + 0018
  a  . . . . . . . . . . . . . .        DWord             rbp + 0010
  _c . . . . . . . . . . . . . .        DWord             rbp - 0004
_func2 . . . . . . . . . . . . .        P Near   0000002F _TEXT    0000002F Public   FASTCALL
  b  . . . . . . . . . . . . . .        DWord             rbp + 0018
  a  . . . . . . . . . . . . . .        DWord             rbp + 0010
  _c . . . . . . . . . . . . . .        DWord             rbp - 0004
_func3 . . . . . . . . . . . . .        P Near   0000005E _TEXT    00000045 Public   FASTCALL
  _y . . . . . . . . . . . . . .        DWord             rbp - 0004
  _x . . . . . . . . . . . . . .        DWord             rbp - 0008


Symbols:

                N a m e                 Type       Value     Attr

@CodeSize  . . . . . . . . . . .        Number             0h 
@Cpu . . . . . . . . . . . . . .        Number           DDFh 
@CurSeg  . . . . . . . . . . . .        Text   
@DataSize  . . . . . . . . . . .        Number             0h 
@Date  . . . . . . . . . . . . .        Text   09/24/26
@FileCur . . . . . . . . . . . .        Text   test2_64.asm
@FileName  . . . . . . . . . . .        Text   TEST2_64
@Interface . . . . . . . . . . .        Number             7h 
@Model . . . . . . . . . . . . .        Number             7h 
@ReservedStack . . . . . . . . .        Number             0h 
@Time  . . . . . . . . . . . . .        Text   10:34:26
@Version . . . . . . . . . . . .        Text   800
@code  . . . . . . . . . . . . .        Text   _TEXT
@data  . . . . . . . . . . . . .        Text   FLAT
@stack . . . . . . . . . . . . .        Text   FLAT
__JWASM__  . . . . . . . . . . .        Number            D4h 
m  . . . . . . . . . . . . . . .        DWord              0h _BSS FASTCALL
x  . . . . . . . . . . . . . . .        DWord              0h _DATA FASTCALL

test2_64.asm: 97 lines, 1 passes, 1 ms, 0 warnings, 2 errors
