JWasm v2.12pre, Oct  9 2026
test2_16.asm
                                .286
                                .model small;
00000000                    *   _TEXT segment WORD  PUBLIC 'CODE'
                            *   _TEXT ends
00000000                    *   _DATA segment WORD  PUBLIC 'DATA'
                            *   _DATA ends
                            *   DGROUP group _DATA
                            *   assume cs:_TEXT,ds:DGROUP,ss:DGROUP
                                option casemap : none



                                .data
00000000                    *   _DATA segment
                            *   assume cs:ERROR
00000000  03000000              _x SDWORD 3
00000000                        .data?
00000004                    *   _DATA ends
00000000                    *   _BSS segment WORD  PUBLIC 'BSS'
                            *   assume cs:ERROR
                            *   DGROUP group _BSS
00000000  00000000              _u DWORD  ?
00000004  00000000              _m SDWORD  ?

00000000                        .code
00000008                    *   _BSS ends
00000000                    *   _TEXT segment
                            *   assume cs:_TEXT
                                _func1 PROTO C _a:SDWORD , _b:SDWORD ;
                                _func2 PROTO C _a:SDWORD , _b:SDWORD ;
                                _func3 PROTO C;

00000000                        _func1 PROC C, _a:SDWORD , _b:SDWORD 
00000000  55                *   push bp
00000001  8BEC              *   mov bp, sp
00000003                        	ret
00000003  C9                *   leave
00000004  C3                *   retn 
00000005                        _func1 endp

00000005                        _func2 PROC C, _a:SDWORD , _b:SDWORD 
00000005  55                *   push bp
00000006  8BEC              *   mov bp, sp
00000008                        	ret
00000008  C9                *   leave
00000009  C3                *   retn 
0000000A                        _func2 endp

0000000A                        _func3 PROC C
0000000A                        	ret
0000000A  C3                *   retn
0000000B                        _func3 endp
                                end
0000000B                    *   _TEXT ends


Macros:

                N a m e                 Type

@CatStr  . . . . . . . . . . . .        Func     0
@Environ . . . . . . . . . . . .        Func     0
@InStr . . . . . . . . . . . . .        Func     0
@SizeStr . . . . . . . . . . . .        Func     0
@SubStr  . . . . . . . . . . . .        Func     0


Segments and Groups:

                N a m e                 Size     Length   Align   Combine Class

_TEXT  . . . . . . . . . . . . .        16 Bit   000B     Word    Public  'CODE'
DGROUP . . . . . . . . . . . . .        GROUP
_DATA  . . . . . . . . . . . . .        16 Bit   0004     Word    Public  'DATA'
_BSS . . . . . . . . . . . . . .        16 Bit   0008     Word    Public  'BSS'


Procedures, parameters and locals:

                N a m e                 Type     Value    Segment  Length

_func1 . . . . . . . . . . . . .        P Near   0000     _TEXT    0005 Public   C
  _a . . . . . . . . . . . . . .        DWord             bp + 0004
  _b . . . . . . . . . . . . . .        DWord             bp + 0008
_func2 . . . . . . . . . . . . .        P Near   0005     _TEXT    0005 Public   C
  _a . . . . . . . . . . . . . .        DWord             bp + 0004
  _b . . . . . . . . . . . . . .        DWord             bp + 0008
_func3 . . . . . . . . . . . . .        P Near   000A     _TEXT    0001 Public   C


Symbols:

                N a m e                 Type       Value     Attr

@CodeSize  . . . . . . . . . . .        Number             0h 
@Cpu . . . . . . . . . . . . . .        Number           507h 
@CurSeg  . . . . . . . . . . . .        Text   
@DataSize  . . . . . . . . . . .        Number             0h 
@Date  . . . . . . . . . . . . .        Text   10/09/26
@FileCur . . . . . . . . . . . .        Text   test2_16.asm
@FileName  . . . . . . . . . . .        Text   TEST2_16
@Interface . . . . . . . . . . .        Number             0h 
@Model . . . . . . . . . . . . .        Number             2h 
@Time  . . . . . . . . . . . . .        Text   07:52:41
@Version . . . . . . . . . . . .        Text   800
@code  . . . . . . . . . . . . .        Text   _TEXT
@data  . . . . . . . . . . . . .        Text   DGROUP
@stack . . . . . . . . . . . . .        Text   DGROUP
__JWASM__  . . . . . . . . . . .        Number            D4h 
_m . . . . . . . . . . . . . . .        DWord              4h _BSS 
_u . . . . . . . . . . . . . . .        DWord              0h _BSS 
_x . . . . . . . . . . . . . . .        DWord              0h _DATA 

test2_16.asm: 29 lines, 2 passes, 1 ms, 0 warnings, 0 errors
