JWasm v2.12pre, Oct  9 2026
test2_64.asm
                            *   .model FLAT
00000000                    *   _TEXT segment PARA FLAT PUBLIC 'CODE'
                            *   _TEXT ends
00000000                    *   _DATA segment PARA FLAT PUBLIC 'DATA'
                            *   _DATA ends
                            *   assume cs:flat,ds:flat,ss:flat,es:flat,fs:ERROR,gs:NOTHING
                                .x64p
                                option casemap : none



                                .data
00000000                    *   _DATA segment
                            *   assume cs:ERROR
00000000  03000000              _x SDWORD 3
00000000                        .data?
00000004                    *   _DATA ends
00000000                    *   _BSS segment PARA FLAT PUBLIC 'BSS'
                            *   assume cs:ERROR
00000000  00000000              _u SDWORD  ?
00000004  00000000              _m SDWORD  ?

00000000                        .code
00000008                    *   _BSS ends
00000000                    *   _TEXT segment
                            *   assume cs:FLAT
                                _func1 PROTO C _a:SDWORD , _b:SDWORD ;
                                _func2 PROTO C _a:SDWORD , _b:SDWORD ;
                                _func3 PROTO C;

00000000                        _func1 PROC C, _a:SDWORD , _b:SDWORD 
00000000  55                *   push rbp
00000001  488BEC            *   mov rbp, rsp
00000004                        	ret
00000004  C9                *   leave
00000005  C3                *   retn 
00000006                        _func1 endp

00000006                        _func2 PROC C, _a:SDWORD , _b:SDWORD 
00000006  55                *   push rbp
00000007  488BEC            *   mov rbp, rsp
0000000A                        	ret
0000000A  C9                *   leave
0000000B  C3                *   retn 
0000000C                        _func2 endp

0000000C                        _func3 PROC C
0000000C                        	ret
0000000C  C3                *   retn
0000000D                        _func3 endp
                                end
0000000D                    *   _TEXT ends


Macros:

                N a m e                 Type

@CatStr  . . . . . . . . . . . .        Func     0
@Environ . . . . . . . . . . . .        Func     0
@InStr . . . . . . . . . . . . .        Func     0
@SizeStr . . . . . . . . . . . .        Func     0
@SubStr  . . . . . . . . . . . .        Func     0


Segments and Groups:

                N a m e                 Size     Length   Align   Combine Class

FLAT . . . . . . . . . . . . . .        GROUP
_BSS . . . . . . . . . . . . . .        64 Bit   00000008 Para    Public  'BSS'
_DATA  . . . . . . . . . . . . .        64 Bit   00000004 Para    Public  'DATA'
_TEXT  . . . . . . . . . . . . .        64 Bit   0000000D Para    Public  'CODE'


Procedures, parameters and locals:

                N a m e                 Type     Value    Segment  Length

_func1 . . . . . . . . . . . . .        P Near   00000000 _TEXT    00000006 Public   C
  _a . . . . . . . . . . . . . .        DWord             rbp + 0010
  _b . . . . . . . . . . . . . .        DWord             rbp + 0018
_func2 . . . . . . . . . . . . .        P Near   00000006 _TEXT    00000006 Public   C
  _a . . . . . . . . . . . . . .        DWord             rbp + 0010
  _b . . . . . . . . . . . . . .        DWord             rbp + 0018
_func3 . . . . . . . . . . . . .        P Near   0000000C _TEXT    00000001 Public   C


Symbols:

                N a m e                 Type       Value     Attr

@CodeSize  . . . . . . . . . . .        Number             0h 
@Cpu . . . . . . . . . . . . . .        Number           DDFh 
@CurSeg  . . . . . . . . . . . .        Text   
@DataSize  . . . . . . . . . . .        Number             0h 
@Date  . . . . . . . . . . . . .        Text   10/09/26
@FileCur . . . . . . . . . . . .        Text   test2_64.asm
@FileName  . . . . . . . . . . .        Text   TEST2_64
@Interface . . . . . . . . . . .        Number             7h 
@Model . . . . . . . . . . . . .        Number             7h 
@ReservedStack . . . . . . . . .        Number             0h 
@Time  . . . . . . . . . . . . .        Text   10:02:21
@Version . . . . . . . . . . . .        Text   800
@code  . . . . . . . . . . . . .        Text   _TEXT
@data  . . . . . . . . . . . . .        Text   FLAT
@stack . . . . . . . . . . . . .        Text   FLAT
__JWASM__  . . . . . . . . . . .        Number            D4h 
_m . . . . . . . . . . . . . . .        DWord              4h _BSS FASTCALL
_u . . . . . . . . . . . . . . .        DWord              0h _BSS FASTCALL
_x . . . . . . . . . . . . . . .        DWord              0h _DATA FASTCALL

test2_64.asm: 28 lines, 2 passes, 0 ms, 0 warnings, 0 errors
